.next/types/validator.ts(132,39): error TS2307: Cannot find module '../../src/app/produk/babycare/page.js' or its corresponding type declarations.
src/components/ProductPageTemplate.tsx(30,8): error TS2741: Property 'category' is missing in type '{ title: string; subtitle: string; description: string; backgroundImage: string; }' but required in type 'StandardProductHeroProps'.
